// Jest Snapshot v1, https://goo.gl/fbAQLP

exports[`test landing page component it mounts 1`] = `ShallowWrapper {}`;
