// Jest Snapshot v1, https://goo.gl/fbAQLP

exports[`test signup component matches snapshot 1`] = `ShallowWrapper {}`;
