// Jest Snapshot v1, https://goo.gl/fbAQLP

exports[`test navbar component matches snapShot 1`] = `ShallowWrapper {}`;
