// Jest Snapshot v1, https://goo.gl/fbAQLP

exports[`test login view matches snapShot 1`] = `ShallowWrapper {}`;
