// Jest Snapshot v1, https://goo.gl/fbAQLP

exports[`test not found matches snapshot 1`] = `ShallowWrapper {}`;
