// Jest Snapshot v1, https://goo.gl/fbAQLP

exports[`test signup view matches snapshot 1`] = `ShallowWrapper {}`;
